apache-ant
apache-tomcat
bpi
documentum
misc
oracle

distrib/apache-ant:
1.9

distrib/apache-ant/1.9:
ant-contrib-1.0b3-bin.tar.gz
apache-ant-1.9.4-bin.tar.gz

distrib/apache-tomcat:
7.0.42

distrib/apache-tomcat/7.0.42:
apache-tomcat-7.0.42.tar.gz

distrib/bpi:
1.0

distrib/bpi/1.0:
common
dctm-apphost-bodm
dctm-appsrv
dctm-bam
dctm-bps
dctm-cs
dctm-cts
dctm-da
dctm-ts
dctm-xms-agent
dctm-xms-tools
dctm-xplore
setup.env.example
xpression

distrib/bpi/1.0/common:
etc
installAsService.sh

distrib/bpi/1.0/common/etc:
init.d

distrib/bpi/1.0/common/etc/init.d:
app-template

distrib/bpi/1.0/dctm-apphost-bodm:
bin
tomcat-conf

distrib/bpi/1.0/dctm-apphost-bodm/bin:
start.sh
stop.sh

distrib/bpi/1.0/dctm-apphost-bodm/tomcat-conf:
bam-server.properties
catalina.properties
context.xml
deployment.properties
log4j.xml
rest-api-runtime.properties
server.xml
tomcat-users.xml
web.xml

distrib/bpi/1.0/dctm-appsrv:
install.sh
prepare.sh

distrib/bpi/1.0/dctm-bam:
bin
tomcat-conf

distrib/bpi/1.0/dctm-bam/bin:
start.sh
stop.sh

distrib/bpi/1.0/dctm-bam/tomcat-conf:
catalina.properties
context.xml
deployment.properties
log4j.xml
rest-api-runtime.properties
server.xml
tomcat-users.xml
web.xml

distrib/bpi/1.0/dctm-bps:
bin
tomcat-conf

distrib/bpi/1.0/dctm-bps/bin:
start.sh
stop.sh

distrib/bpi/1.0/dctm-bps/tomcat-conf:
catalina.properties
context.xml
deployment.properties
log4j.xml
rest-api-runtime.properties
server.xml
tomcat-users.xml
web.xml

distrib/bpi/1.0/dctm-cs:
create-responsefile.sh
createDbUser.sh
dar-tools
etc
install-pe.sh
install-template.sh
install-ts.sh
install-xcp-dars.sh
install.sh
prepare.sh
setup-repo.sh
startBpi.sh
startJms.sh
stopBpi.sh

distrib/bpi/1.0/dctm-cs/dar-tools:
createDarParam.sh
deploy-dar.sh
deploy.xml
log4j-deploy-dar.properties
no.installparam

distrib/bpi/1.0/dctm-cs/etc:
init.d

distrib/bpi/1.0/dctm-cs/etc/init.d:
bpi
thumbsrv

distrib/bpi/1.0/dctm-cts:
cts_win_config_adding.properties
cts_win_install.properties

distrib/bpi/1.0/dctm-da:
bin
tomcat-conf

distrib/bpi/1.0/dctm-da/bin:
start.sh
stop.sh

distrib/bpi/1.0/dctm-da/tomcat-conf:
catalina.properties
context.xml
log4j.xml
server.xml
tomcat-users.xml
web.xml

distrib/bpi/1.0/dctm-ts:
bin
tomcat-conf

distrib/bpi/1.0/dctm-ts/bin:
start.sh
stop.sh

distrib/bpi/1.0/dctm-ts/tomcat-conf:
catalina.properties
context.xml
deployment.properties
log4j.xml
rest-api-runtime.properties
server.xml
tomcat-users.xml
web.xml

distrib/bpi/1.0/dctm-xms-agent:
bin
tomcat-conf

distrib/bpi/1.0/dctm-xms-agent/bin:
start.sh
stop.sh

distrib/bpi/1.0/dctm-xms-agent/tomcat-conf:
catalina.properties
context.xml
deployment.properties
log4j.xml
rest-api-runtime.properties
server.xml
tomcat-users.xml
web.xml

distrib/bpi/1.0/dctm-xms-tools:
catalog.tgz
deploy.sh
xms-config
xms.sh

distrib/bpi/1.0/dctm-xms-tools/xms-config:
bpi-template.xml
deploy-sample.script
docker-full-template.xml
docker-profile.xml
docker-services.xml
docker-vm.xml
init-docker.script
init.script

distrib/bpi/1.0/dctm-xplore:
install-xplore.sh.bak.0
install.sh
prepare.sh
silent-install

distrib/bpi/1.0/dctm-xplore/silent-install:
config
script
xplore.sh

distrib/bpi/1.0/dctm-xplore/silent-install/config:
config.properties
configIA.properties
silent.properties.bak.0
slient.properties

distrib/bpi/1.0/dctm-xplore/silent-install/script:
build.xml

distrib/bpi/1.0/xpression:
create-tablespace.sh
dropAll.sql
install.sh
prepare.sh
reinstall.sh
xpress-installer.properties

distrib/documentum:
bam
bps
cis
content-server
cts
da
dfc
process-engine
thumbnail-server
xPression
xcp-designer
xms-agent
xms-tools
xplore

distrib/documentum/bam:
2.1

distrib/documentum/bam/2.1:
bam-server.war

distrib/documentum/bps:
2.1

distrib/documentum/bps/2.1:
bps.war

distrib/documentum/cis:
7.0
7.1

distrib/documentum/cis/7.0:
cis.linux.7.0.0040.0022.zip

distrib/documentum/cis/7.1:
cis.linux.7.1.zip

distrib/documentum/content-server:
7.1

distrib/documentum/content-server/7.1:
CS_7.1.0090
CS_7.1.0160
Content_Server_7.1_linux64_oracle.tar
dars
dfc-jars.7.1.tar

distrib/documentum/content-server/7.1/CS_7.1.0090:
CS_7.1.0090.0213_linux_ora.tar.gz
patch-install.properties
patch.bin
readme.txt

distrib/documentum/content-server/7.1/CS_7.1.0160:
CS_7.1.0160.0271_linux_ora_P16.tar.gz

distrib/documentum/content-server/7.1/dars:
BPM.dar
CTSActivity.dar
CTSAspects.dar
CollaborationServices.dar
DcsAttachment.dar
Forms.dar
ImageServices.dar
Rich_Media_Services.dar
TCMReferenceProject.dar
Transformation.dar
cis_artifacts.dar
xCP_Viewer_Services.dar
xcp.dar

distrib/documentum/cts:
7.1

distrib/documentum/cts/7.1:
ADTS_7.1_windows.exe
AVTS_7.1_windows.zip
CTS_7.1.0160.0192_P16
CTS_7.1.0160.0192_P16.zip
MTS_7.1_windows.zip
transformation.war

distrib/documentum/cts/7.1/CTS_7.1.0160.0192_P16:
CTS_7.1.0160.0192.zip
ctsInstallPatch.bat
patch.exe
prePatchAction.xml

distrib/documentum/da:
7.1

distrib/documentum/da/7.1:
da.war

distrib/documentum/dfc:
7.1

distrib/documentum/dfc/7.1:
DFC_7.1_linux.tar

distrib/documentum/process-engine:
2.1

distrib/documentum/process-engine/2.1:
Process_Engine_linux.tar

distrib/documentum/thumbnail-server:
7.1

distrib/documentum/thumbnail-server/7.1:
Thumbnail_Server_7.1_linux.tar

distrib/documentum/xPression:
4.5.SP1
dfc-jars.7.1.tar

distrib/documentum/xPression/4.5.SP1:
07IN56PI0_INPI
07IN56PI0_INPI.bak.0
CRUpgrade
XP45SP1_B13_JBOSS_EE.zip
XP45SP1_B13_cr_scripts.zip
XP45SP1_B13_xPression_Server_Installer.zip
XP45SP1_P10_CRScriptGenerator.zip
XP45SP1_P10_JBOSS_EE.zip
XP45SP1_P10_xPression_Server_Patch_Installer_64_Linux.zip
xPRS_EE4.5.1_B13.ear
xPRS_EE4.5.1_P10.ear

distrib/documentum/xPression/4.5.SP1/07IN56PI0_INPI:
07IN56PI0_Sub ID1_Dev.htm
07IN56PI0_Sub ID1_Dev.xml
07IN56PI0_Sub ID1_Prod.htm
07IN56PI0_Sub ID1_Prod.xml

distrib/documentum/xPression/4.5.SP1/07IN56PI0_INPI.bak.0:
07IN56PI0_SUB_ID_1_Dev.htm
07IN56PI0_SUB_ID_1_Dev.xml
07IN56PI0_SUB_ID_2_Dev.htm
07IN56PI0_SUB_ID_2_Dev.xml
07IN56PI0_SUB_ID_3_Prod.htm
07IN56PI0_SUB_ID_3_Prod.xml

distrib/documentum/xPression/4.5.SP1/CRUpgrade:
Ora_4.5SP1_Patch1.sql
Ora_4.5SP1_Patch10.sql
Ora_4.5SP1_Patch3.sql

distrib/documentum/xcp-designer:
2.1.11

distrib/documentum/xcp-designer/2.1.11:
xCPDesigner_linux64_2.1.tar
xCPDesigner_win32_2.1.11.zip

distrib/documentum/xms-agent:
1.1.13
1.2

distrib/documentum/xms-agent/1.1.13:
xms-agent-1.1-P13.zip

distrib/documentum/xms-agent/1.2:
xms-agent-1.2.zip

distrib/documentum/xms-tools:
1.2

distrib/documentum/xms-tools/1.2:
xms-tools-1.2.zip

distrib/documentum/xplore:
1.4

distrib/documentum/xplore/1.4:
SilentInstaller.zip
xPlore_1.4_linux-x64.tar

distrib/misc:
FRANCONIERI,  STERIA.dqManLicence
dmcl.dll
dmcl.ini
dmcl40.dll
dqMan 5 Setup.exe
dqMan_4_Setup.exe

distrib/oracle:
11.2
java

distrib/oracle/11.2:
oracle-instantclient11.2-basic-11.2.0.4.0-1.x86_64.rpm
oracle-instantclient11.2-devel-11.2.0.4.0-1.x86_64.rpm
oracle-instantclient11.2-sqlplus-11.2.0.4.0-1.x86_64.rpm

distrib/oracle/java:
1.7

distrib/oracle/java/1.7:
jdk-7u79-linux-i586.gz
jdk-7u79-linux-x64.gz
jdk-7u79-linux-x64.rpm
